2024-11-08 14:52:53,851 - ai_logger - INFO - API key successfully loaded.
2024-11-08 14:52:53,851 - ai_logger - INFO - LAPKA Chat Bot startup
2024-11-08 14:53:32,379 - ai_logger - INFO - API key successfully loaded.
2024-11-08 14:53:32,379 - ai_logger - INFO - LAPKA Chat Bot startup
2024-11-08 14:54:35,017 - ai_logger - INFO - API key successfully loaded.
2024-11-08 14:54:35,017 - ai_logger - INFO - LAPKA Chat Bot startup
2024-11-08 14:55:15,764 - ai_logger - INFO - html page accessed
2024-11-08 14:55:36,389 - ai_logger - INFO - Received chat request: привет
2024-11-08 14:55:37,858 - ai_logger - INFO - Generated answer: Привет! Чем могу помочь?
2024-11-08 14:55:43,493 - ai_logger - INFO - html page accessed
2024-11-08 14:55:47,887 - ai_logger - INFO - html page accessed
2024-11-08 14:55:56,615 - ai_logger - INFO - API key successfully loaded.
2024-11-08 14:55:56,616 - ai_logger - INFO - LAPKA Chat Bot startup
2024-11-11 16:34:04,692 - ai_logger - INFO - API key successfully loaded.
2024-11-11 16:34:04,693 - ai_logger - INFO - LAPKA Chat Bot startup
2024-11-11 16:34:48,846 - ai_logger - INFO - API key successfully loaded.
2024-11-11 16:34:48,847 - ai_logger - INFO - LAPKA Chat Bot startup
2024-11-11 16:35:36,154 - ai_logger - INFO - html page accessed
2024-11-11 16:35:43,761 - ai_logger - INFO - Received chat request: привет
2024-11-11 16:35:46,407 - ai_logger - INFO - Generated answer: Привет! Чем я могу помочь?
2024-11-11 16:36:01,875 - ai_logger - INFO - html page accessed
2024-11-11 16:39:03,038 - ai_logger - INFO - html page accessed
2024-11-11 16:40:04,458 - ai_logger - INFO - API key successfully loaded.
2024-11-11 16:40:04,459 - ai_logger - INFO - LAPKA Chat Bot startup
2024-11-11 16:40:44,704 - ai_logger - INFO - html page accessed
2024-11-11 16:40:44,705 - ai_logger - INFO - html page accessed
2024-11-11 16:41:26,055 - ai_logger - INFO - html page accessed
2024-11-11 16:41:35,919 - ai_logger - INFO - html page accessed
2024-11-11 16:41:37,232 - ai_logger - INFO - API key successfully loaded.
2024-11-11 16:41:37,233 - ai_logger - INFO - LAPKA Chat Bot startup
2024-11-11 16:42:15,778 - ai_logger - INFO - html page accessed
2024-11-11 16:44:00,194 - ai_logger - INFO - html page accessed
2024-11-11 16:44:33,989 - ai_logger - INFO - html page accessed
2024-11-11 16:44:47,694 - ai_logger - INFO - html page accessed
2024-11-11 16:44:53,229 - ai_logger - INFO - html page accessed
2024-11-11 16:46:09,067 - ai_logger - INFO - html page accessed
2024-11-11 16:46:12,383 - ai_logger - INFO - html page accessed
2024-11-11 16:47:52,276 - ai_logger - INFO - html page accessed
2024-11-11 16:47:54,405 - ai_logger - INFO - html page accessed
2024-11-11 16:48:15,353 - ai_logger - INFO - html page accessed
2024-11-11 16:51:25,998 - ai_logger - INFO - html page accessed
2024-11-11 16:51:49,978 - ai_logger - INFO - API key successfully loaded.
2024-11-11 16:51:49,979 - ai_logger - INFO - LAPKA Chat Bot startup
2024-11-11 16:52:30,652 - ai_logger - INFO - html page accessed
2024-11-11 16:53:07,127 - ai_logger - INFO - API key successfully loaded.
2024-11-11 16:53:07,128 - ai_logger - INFO - LAPKA Chat Bot startup
2024-11-19 18:27:42,499 - ai_logger - INFO - API key successfully loaded.
2024-11-19 18:27:42,500 - ai_logger - INFO - LAPKA Chat Bot startup
2024-11-19 18:28:18,373 - ai_logger - INFO - API key successfully loaded.
2024-11-19 18:28:18,373 - ai_logger - INFO - LAPKA Chat Bot startup
2024-11-19 18:29:03,596 - ai_logger - INFO - API key successfully loaded.
2024-11-19 18:29:03,597 - ai_logger - INFO - LAPKA Chat Bot startup
2024-11-19 18:30:16,845 - ai_logger - INFO - API key successfully loaded.
2024-11-19 18:30:16,845 - ai_logger - INFO - LAPKA Chat Bot startup
2024-11-19 18:33:50,260 - ai_logger - INFO - API key successfully loaded.
2024-11-19 18:33:50,261 - ai_logger - INFO - LAPKA Chat Bot startup
2024-11-24 13:25:08,380 - ai_logger - INFO - API key successfully loaded.
2024-11-24 13:25:08,380 - ai_logger - INFO - LAPKA Chat Bot startup
2024-11-24 13:25:26,265 - ai_logger - INFO - API key successfully loaded.
2024-11-24 13:25:26,265 - ai_logger - INFO - LAPKA Chat Bot startup
2024-11-24 13:26:09,143 - ai_logger - INFO - API key successfully loaded.
2024-11-24 13:26:09,143 - ai_logger - INFO - LAPKA Chat Bot startup
2024-11-24 13:28:27,580 - ai_logger - INFO - Received chat request: привет
2024-11-24 13:28:29,147 - ai_logger - INFO - Generated answer: Привет! Чем могу помочь?
2024-11-25 12:01:00,588 - ai_logger - INFO - API key successfully loaded.
2024-11-25 12:01:00,589 - ai_logger - INFO - LAPKA Chat Bot startup
2024-11-25 12:01:45,635 - ai_logger - INFO - API key successfully loaded.
2024-11-25 12:01:45,635 - ai_logger - INFO - LAPKA Chat Bot startup
2024-11-25 12:26:16,305 - ai_logger - INFO - API key successfully loaded.
2024-11-25 12:26:16,305 - ai_logger - INFO - LAPKA Chat Bot startup
2024-11-25 12:26:57,936 - ai_logger - INFO - API key successfully loaded.
2024-11-25 12:26:57,937 - ai_logger - INFO - LAPKA Chat Bot startup
2024-11-25 12:46:02,737 - ai_logger - INFO - API key successfully loaded.
2024-11-25 12:46:02,737 - ai_logger - INFO - LAPKA Chat Bot startup
2024-11-25 12:48:02,425 - ai_logger - INFO - API key successfully loaded.
2024-11-25 12:48:02,426 - ai_logger - INFO - LAPKA Chat Bot startup
2024-11-25 12:48:48,399 - ai_logger - INFO - API key successfully loaded.
2024-11-25 12:48:48,400 - ai_logger - INFO - LAPKA Chat Bot startup
2024-11-25 12:50:17,908 - ai_logger - INFO - API key successfully loaded.
2024-11-25 12:50:17,909 - ai_logger - INFO - LAPKA Chat Bot startup
2024-11-25 12:51:04,805 - ai_logger - INFO - API key successfully loaded.
2024-11-25 12:51:04,805 - ai_logger - INFO - LAPKA Chat Bot startup
